[www.bol.com/nl/m/cadeaubon-bestellen/index.html]
[www.bol.com/apple-touch-iconfb83.png]
[www.bol.com/favicon-32x32fb83.png]
[backblue.gif]
[fade.gif]
[index.html]
[www.bol.com/favicon-16x16fb83.png]
[www.bol.com/social-tile.png]
[assets.s-bol.com/nl/static/assets/js/promise.7410c9c8efe76a89a0e4-canary.js]
[css.s-bol.com/nl/cms/css/ab-test-override-a295ae.css]
[assets.s-bol.com/nl/static/assets/css/core.min.243443ec37c979e97c06.css]
[s.s-bol.com/nl/upload/images/pages/cadeaukaarten/cadeaubon-bestellen_header.jpg]
[s.s-bol.com/nl/upload/images/pages/cadeaukaarten/cadeaubon-bestellen_digitale-cadeaukaart.jpg]
[www.bol.com/nl/m/cadeaubon-bestellen/index3727.html]
[www.bol.com/nl/m/cadeaubon-bestellen/indexbb2f.html]
[s.s-bol.com/nl/upload/images/pages/cadeaukaarten/cadeaubon-bestellen_zakelijke-cadeaukaarten.jpg]
[s.s-bol.com/nl/upload/images/pages/cadeaukaarten/cadeaubon-bestellen_alle-cadeaubonnen.jpg]
[assets.s-bol.com/nl/static/assets/css/cms-slots.min.6a8fdd4e9c9e0f1713a5.css]
[www.bol.com/nl/static/images/giftcard/overview/saldochecker.png]
[firefly.bol.com/js/0.3.4/performance-metrics.js]
[www.bol.com/nl/m/cadeaubon-bestellen/index.html]
[www.bol.com/nl/m/cadeaubon-bestellen/xtg/index.html]
[www.bol.com/nl/m/cadeaubon-bestellen/Iaf/index.html]
[www.bol.com/nl/m/cadeaubon-bestellen/3i9/index.html]
[www.bol.com/nl/upload/images/pages/product-finder/toys_theme_background.jpg]
[css.s-bol.com/nl/cms/css/ab-test-override-a295ae.css]
[assets.s-bol.com/nl/static/assets/css/core.min.243443ec37c979e97c06.css]
[assets.s-bol.com/nl/static/assets/css/cms-slots.min.6a8fdd4e9c9e0f1713a5.css]
[www.bol.com/nl/m/cadeaubon-bestellen/index3727.html]
[www.bol.com/nl/m/cadeaubon-bestellen/indexbb2f.html]
[www.bol.com/nl/m/cadeaubon-bestellen/index4984.html]
[s.s-bol.com/nl/upload/images/pages/cadeaukaarten/cadeaubon-bestellen_bolcom-cadeaukaart.jpg]
[www.bol.com/nl/m/cadeaubon-bestellen/index59ad.html]
[www.bol.com/nl/m/cadeaubon-bestellen/index4984.html]
[www.bol.com/nl/m/cadeaubon-bestellen/index59ad.html]
[www.bol.com/nl/m/cadeaubon-bestellen/index063f.html]
[s.s-bol.com/nl/upload/images/pages/belgie/app_modal/wallonia_popup_slide1.jpg]
[www.bol.com/nl/m/cadeaubon-bestellen/index0f56.html]
[s.s-bol.com/nl/upload/images/pages/apps/responsive-app-page/img/app-store-badge-french.png]
[s.s-bol.com/nl/upload/images/pages/apps/responsive-app-page/img/google-play-badge-french.png]
[s.s-bol.com/nl/upload/images/pages/belgie/app_modal/cart-barbie.jpg]
[s.s-bol.com/nl/upload/images/pages/belgie/app_modal/wallonia_popup_slide2.jpg]
[s.s-bol.com/nl/upload/images/pages/belgie/app_modal/wallonia_popup_slide3.jpg]
[www.bol.com/nl/m/cadeaubon-bestellen/index063f.html]
[www.bol.com/nl/m/cadeaubon-bestellen/index0f56.html]
